
Allocating common symbols
Common symbol       size              file

netbufpool          0x4               binaries/net.o
readylist           0x2               binaries/ready.o
rfltab              0x5a0             binaries/rflinit.o
netportseed         0x8               binaries/net.o
sleepq              0x2               binaries/clkinit.o
host                0x1               binaries/net.o
nnames              0x4               binaries/naminit.o
udptab              0x168             binaries/udp.o
minheap             0x4               binaries/meminit.o
marks               0x50              binaries/mark.o
currpid             0x4               binaries/initialize.o
Lf_data             0x20c             binaries/lfsinit.o
porttab             0x2d0             binaries/ptinit.o
girmask             0x2               binaries/evec.o
ttytab              0x110             binaries/ttyinit.o
proctab             0x15e0            binaries/initialize.o
prcount             0x4               binaries/initialize.o
int_actions         0x140             binaries/evec.o
lfltab              0xf00             binaries/lflinit.o
rdstab              0x8c              binaries/rdsinit.o
ethertab            0x13c             binaries/ethinit.o
nmarks              0x4               binaries/mark.o
if_tab              0x1b0             binaries/net.o
Defer               0x8               binaries/resched.o
semtab              0x4b0             binaries/initialize.o
maxheap             0x4               binaries/meminit.o
preempt             0x4               binaries/clkinit.o
buftab              0xf0              binaries/bufinit.o
Rf_data             0x18              binaries/rfsinit.o
ifprime             0x4               binaries/net.o
mkmutex             0x4               binaries/mark.o
clktime             0x4               binaries/clkinit.o
nbpools             0x4               binaries/bufinit.o
queuetab            0x980             binaries/queue.o
ptnextid            0x4               binaries/ptinit.o
Ram                 0x19000           binaries/raminit.o
memlist             0x8               binaries/initialize.o
nametab             0x19a0            binaries/naminit.o
ptfree              0x4               binaries/ptinit.o

Memory Configuration

Name             Origin             Length             Attributes
*default*        0x0000000000000000 0xffffffffffffffff

Linker script and memory map

                0x0000000000100000                physbase = 0x100000
                0x0000000000100000                . = physbase
                0x0000000000100000                . = ALIGN (0x1000)

.text           0x0000000000100000    0x14000
                0x0000000000100000                text = ABSOLUTE (.)
 *(.text .text.*)
 .text          0x0000000000100000      0x1b8 binaries/start.o
                0x0000000000100028                start
                0x00000000001000fa                inb
                0x0000000000100102                inw
                0x000000000010010b                inl
                0x0000000000100113                outb
                0x000000000010011d                outw
                0x0000000000100128                outl
                0x0000000000100132                _rtcin
                0x000000000010013d                ___udivsi3
                0x0000000000100148                ___divsi3
                0x0000000000100154                sbzero
                0x0000000000100164                insw
                0x000000000010017a                outsw
                0x0000000000100190                bcopy
                0x00000000001001a4                lidt
                0x00000000001001ac                cpuid
 .text          0x00000000001001b8      0x405 binaries/ascdate.o
                0x00000000001001b8                ascdate
 .text          0x00000000001005bd       0x14 binaries/bufinit.o
                0x00000000001005bd                bufinit
 .text          0x00000000001005d1       0x8d binaries/chprio.o
                0x00000000001005d1                chprio
 .text          0x000000000010065e       0xbe binaries/clkhandler.o
                0x000000000010065e                clkhandler
 .text          0x000000000010071c       0xef binaries/clkinit.o
                0x000000000010071c                clkinit
 .text          0x000000000010080b       0x6a binaries/close.o
                0x000000000010080b                close
 .text          0x0000000000100875        0x0 binaries/conf.o
 .text          0x0000000000100875       0x7f binaries/control.o
                0x0000000000100875                control
 .text          0x00000000001008f4      0x2b4 binaries/create.o
                0x00000000001008f4                create
 .text          0x0000000000100ba8      0x35f binaries/early_imr.o
                0x0000000000100ba8                intel_cln_early_sb_read_reg
                0x0000000000100c2c                intel_cln_early_sb_write_reg
                0x0000000000100e44                remove_irm_protections
 .text          0x0000000000100f07      0x603 binaries/evec.o
                0x0000000000100f07                initevec
                0x000000000010107b                set_evec
                0x00000000001010e8                set_ivec
                0x000000000010117e                ioapic_irq2vec
                0x00000000001011bf                int_dispatch
                0x0000000000101251                _8259_setirmask
                0x00000000001012ab                trap
 .text          0x000000000010150a       0x15 binaries/exit.o
                0x000000000010150a                exit
 .text          0x000000000010151f       0x82 binaries/freebuf.o
                0x000000000010151f                freebuf
 .text          0x00000000001015a1      0x167 binaries/freemem.o
                0x00000000001015a1                freemem
 .text          0x0000000000101708       0x80 binaries/getbuf.o
                0x0000000000101708                getbuf
 .text          0x0000000000101788       0x6a binaries/getc.o
                0x0000000000101788                getc
 .text          0x00000000001017f2       0x72 binaries/getdev.o
                0x00000000001017f2                getdev
 .text          0x0000000000101864       0xc8 binaries/getitem.o
                0x0000000000101864                getfirst
                0x00000000001018a5                getlast
                0x00000000001018e8                getitem
 .text          0x000000000010192c       0xfb binaries/getmem.o
                0x000000000010192c                getmem
 .text          0x0000000000101a27        0xa binaries/getpid.o
                0x0000000000101a27                getpid
 .text          0x0000000000101a31       0x75 binaries/getprio.o
                0x0000000000101a31                getprio
 .text          0x0000000000101aa6       0xf2 binaries/getstk.o
                0x0000000000101aa6                getstk
 .text          0x0000000000101b98       0x16 binaries/getticks.o
                0x0000000000101b98                getticks
 .text          0x0000000000101bae       0x36 binaries/gettime.o
                0x0000000000101bae                gettime
 .text          0x0000000000101be4        0xa binaries/getutime.o
                0x0000000000101be4                getutime
 .text          0x0000000000101bee       0x6a binaries/init.o
                0x0000000000101bee                init
 .text          0x0000000000101c58      0x359 binaries/initialize.o
                0x0000000000101c58                nulluser
                0x0000000000101f5c                stop
                0x0000000000101f83                delay
 .text          0x0000000000101fb1       0xdd binaries/insert.o
                0x0000000000101fb1                insert
 .text          0x000000000010208e      0x10f binaries/insertd.o
                0x000000000010208e                insertd
 .text          0x000000000010219d        0xa binaries/ioerr.o
                0x000000000010219d                ioerr
 .text          0x00000000001021a7        0xa binaries/ionull.o
                0x00000000001021a7                ionull
 .text          0x00000000001021b1      0x188 binaries/kill.o
                0x00000000001021b1                kill
 .text          0x0000000000102339      0x12f binaries/kprintf.o
                0x0000000000102339                kputc
                0x00000000001023be                kgetc
                0x000000000010243b                kprintf
 .text          0x0000000000102468       0xa5 binaries/main.o
                0x0000000000102468                main
 .text          0x000000000010250d       0xac binaries/mark.o
                0x000000000010250d                markinit
                0x0000000000102530                mark
 .text          0x00000000001025b9      0x2ca binaries/meminit.o
                0x00000000001025b9                meminit
                0x00000000001027db                setsegs
 .text          0x0000000000102883      0x15f binaries/mkbufpool.o
                0x0000000000102883                mkbufpool
 .text          0x00000000001029e2       0x94 binaries/newqueue.o
                0x00000000001029e2                newqueue
 .text          0x0000000000102a76       0x78 binaries/open.o
                0x0000000000102a76                open
 .text          0x0000000000102aee       0x20 binaries/panic.o
                0x0000000000102aee                panic
 .text          0x0000000000102b0e      0x608 binaries/pci.o
                0x0000000000102b0e                pci_init
                0x0000000000102b98                find_pci_device
                0x0000000000102c97                pci_read_config_byte
                0x0000000000102d03                pci_read_config_word
                0x0000000000102d71                pci_read_config_dword
                0x0000000000102ddd                pci_write_config_byte
                0x0000000000102e4d                pci_write_config_word
                0x0000000000102ebf                pci_write_config_dword
                0x0000000000102f29                pci_get_dev_mmio_base_addr
                0x0000000000102f99                pci_set_ivec
 .text          0x0000000000103116       0xdd binaries/platinit.o
                0x0000000000103116                cpu_is_quark
                0x0000000000103133                console_init
                0x0000000000103186                platinit
 .text          0x00000000001031f3       0xe6 binaries/ptclear.o
                0x00000000001031f3                _ptclear
 .text          0x00000000001032d9       0x8f binaries/ptcount.o
                0x00000000001032d9                ptcount
 .text          0x0000000000103368      0x105 binaries/ptcreate.o
                0x0000000000103368                ptcreate
 .text          0x000000000010346d       0x80 binaries/ptdelete.o
                0x000000000010346d                ptdelete
 .text          0x00000000001034ed       0xb7 binaries/ptinit.o
                0x00000000001034ed                ptinit
 .text          0x00000000001035a4      0x10a binaries/ptrecv.o
                0x00000000001035a4                ptrecv
 .text          0x00000000001036ae       0x78 binaries/ptreset.o
                0x00000000001036ae                ptreset
 .text          0x0000000000103726      0x128 binaries/ptsend.o
                0x0000000000103726                ptsend
 .text          0x000000000010384e       0x78 binaries/putc.o
                0x000000000010384e                putc
 .text          0x00000000001038c6       0xdf binaries/quark_irq.o
                0x00000000001038c6                quark_irq_routing
 .text          0x00000000001039a5      0x206 binaries/quark_pdat.o
                0x00000000001039a5                get_quark_pdat_entry_data_by_id
                0x0000000000103aa1                get_quark_pdat_entry_data_by_desc
 .text          0x0000000000103bab      0x10c binaries/queue.o
                0x0000000000103bab                enqueue
                0x0000000000103c4e                dequeue
 .text          0x0000000000103cb7       0x78 binaries/read.o
                0x0000000000103cb7                read
 .text          0x0000000000103d2f       0x81 binaries/ready.o
                0x0000000000103d2f                ready
 .text          0x0000000000103db0       0x5f binaries/receive.o
                0x0000000000103db0                receive
 .text          0x0000000000103e0f       0x5b binaries/recvclr.o
                0x0000000000103e0f                recvclr
 .text          0x0000000000103e6a       0xba binaries/recvtime.o
                0x0000000000103e6a                recvtime
 .text          0x0000000000103f24      0x169 binaries/resched.o
                0x0000000000103f24                resched
                0x0000000000104018                resched_cntl
 .text          0x000000000010408d       0xa4 binaries/resume.o
                0x000000000010408d                resume
 .text          0x0000000000104131       0x71 binaries/seek.o
                0x0000000000104131                seek
 .text          0x00000000001041a2       0x69 binaries/semcount.o
                0x00000000001041a2                semcount
 .text          0x000000000010420b       0xcf binaries/semcreate.o
                0x000000000010420b                semcreate
 .text          0x00000000001042da       0xba binaries/semdelete.o
                0x00000000001042da                semdelete
 .text          0x0000000000104394       0xbc binaries/semreset.o
                0x0000000000104394                semreset
 .text          0x0000000000104450       0xda binaries/send.o
                0x0000000000104450                send
 .text          0x000000000010452a       0x97 binaries/signal.o
                0x000000000010452a                signal
 .text          0x00000000001045c1       0xc3 binaries/signaln.o
                0x00000000001045c1                signaln
 .text          0x0000000000104684       0xe5 binaries/sleep.o
                0x0000000000104684                sleep
                0x00000000001046ce                sleepms
 .text          0x0000000000104769      0x1b1 binaries/stacktrace.o
                0x0000000000104769                stacktrace
 .text          0x000000000010491a       0xda binaries/suspend.o
                0x000000000010491a                suspend
 .text          0x00000000001049f4       0xdc binaries/unsleep.o
                0x00000000001049f4                unsleep
 .text          0x0000000000104ad0       0x15 binaries/userret.o
                0x0000000000104ad0                userret
 .text          0x0000000000104ae5       0xd3 binaries/wait.o
                0x0000000000104ae5                wait
 .text          0x0000000000104bb8       0x68 binaries/wakeup.o
                0x0000000000104bb8                wakeup
 .text          0x0000000000104c20       0x78 binaries/write.o
                0x0000000000104c20                write
 .text          0x0000000000104c98       0x19 binaries/xdone.o
                0x0000000000104c98                xdone
 .text          0x0000000000104cb1       0x25 binaries/yield.o
                0x0000000000104cb1                yield
 .text          0x0000000000104cd6       0x11 binaries/abs.o
                0x0000000000104cd6                abs
 .text          0x0000000000104ce7       0x8f binaries/atoi.o
                0x0000000000104ce7                atoi
 .text          0x0000000000104d76       0x8f binaries/atol.o
                0x0000000000104d76                atol
 .text          0x0000000000104e05       0x31 binaries/bzero.o
                0x0000000000104e05                bzero
 .text          0x0000000000104e36        0x0 binaries/ctype_.o
 .text          0x0000000000104e36      0x8f8 binaries/doprnt.o
                0x0000000000104e36                _doprnt
 .text          0x000000000010572e      0x6a2 binaries/doscan.o
                0x000000000010572e                _doscan
 .text          0x0000000000105dd0      0x723 binaries/fdoprnt.o
                0x0000000000105dd0                _fdoprnt
 .text          0x00000000001064f3       0x26 binaries/fgetc.o
                0x00000000001064f3                fgetc
 .text          0x0000000000106519       0x72 binaries/fgets.o
                0x0000000000106519                fgets
 .text          0x000000000010658b       0x34 binaries/fprintf.o
                0x000000000010658b                fprintf
 .text          0x00000000001065bf       0x2c binaries/fputc.o
                0x00000000001065bf                fputc
 .text          0x00000000001065eb       0x43 binaries/fputs.o
                0x00000000001065eb                fputs
 .text          0x000000000010662e       0x92 binaries/fscanf.o
                0x000000000010662e                fscanf
 .text          0x00000000001066c0       0x2c binaries/getchar.o
                0x00000000001066c0                getchar
 .text          0x00000000001066ec       0x11 binaries/labs.o
                0x00000000001066ec                labs
 .text          0x00000000001066fd        0x0 binaries/memchr.o
 .text          0x00000000001066fd       0x51 binaries/memcmp.o
                0x00000000001066fd                memcmp
 .text          0x000000000010674e       0x3f binaries/memcpy.o
                0x000000000010674e                memcpy
 .text          0x000000000010678d       0x30 binaries/memset.o
                0x000000000010678d                memset
 .text          0x00000000001067bd       0x4f binaries/printf.o
                0x00000000001067bd                printf
 .text          0x000000000010680c       0x33 binaries/putchar.o
                0x000000000010680c                putchar
 .text          0x000000000010683f      0x28c binaries/qsort.o
                0x000000000010683f                qsort
 .text          0x0000000000106acb       0x5f binaries/rand.o
                0x0000000000106acb                rand
                0x0000000000106adf                rand_r
                0x0000000000106b1d                srand
 .text          0x0000000000106b2a       0x6f binaries/sprintf.o
                0x0000000000106b2a                sprintf
 .text          0x0000000000106b99       0x7f binaries/sscanf.o
                0x0000000000106b99                sscanf
 .text          0x0000000000106c18       0x3c binaries/strchr.o
                0x0000000000106c18                strchr
 .text          0x0000000000106c54       0x45 binaries/strcmp.o
                0x0000000000106c54                strcmp
 .text          0x0000000000106c99       0x27 binaries/strcpy.o
                0x0000000000106c99                strcpy
 .text          0x0000000000106cc0       0x26 binaries/strlen.o
                0x0000000000106cc0                strlen
 .text          0x0000000000106ce6       0x56 binaries/strncat.o
                0x0000000000106ce6                strncat
 .text          0x0000000000106d3c       0x5e binaries/strncmp.o
                0x0000000000106d3c                strncmp
 .text          0x0000000000106d9a       0x4f binaries/strncpy.o
                0x0000000000106d9a                strncpy
 .text          0x0000000000106de9       0x2e binaries/strnlen.o
                0x0000000000106de9                strnlen
 .text          0x0000000000106e17       0x45 binaries/strrchr.o
                0x0000000000106e17                strrchr
 .text          0x0000000000106e5c       0x6d binaries/strstr.o
                0x0000000000106e5c                strstr
 .text          0x0000000000106ec9       0xd8 binaries/ttycontrol.o
                0x0000000000106ec9                ttycontrol
 .text          0x0000000000106fa1       0x93 binaries/ttygetc.o
                0x0000000000106fa1                ttygetc
 .text          0x0000000000107034      0x750 binaries/ttyhandle_in.o
                0x0000000000107034                ttyhandle_in
 .text          0x0000000000107784      0x17b binaries/ttyhandle_out.o
                0x0000000000107784                ttyhandle_out
 .text          0x00000000001078ff       0xb5 binaries/ttyhandler.o
                0x00000000001078ff                ttyhandler
 .text          0x00000000001079b4      0x212 binaries/ttyinit.o
                0x00000000001079b4                ttyinit
 .text          0x0000000000107bc6       0x10 binaries/ttykickout.o
                0x0000000000107bc6                ttykickout
 .text          0x0000000000107bd6       0xb2 binaries/ttyputc.o
                0x0000000000107bd6                ttyputc
 .text          0x0000000000107c88      0x10f binaries/ttyread.o
                0x0000000000107c88                ttyread
 .text          0x0000000000107d97       0x4f binaries/ttywrite.o
                0x0000000000107d97                ttywrite
 .text          0x0000000000107de6      0x149 binaries/mount.o
                0x0000000000107de6                mount
                0x0000000000107ef9                namlen
 .text          0x0000000000107f2f      0x20d binaries/naminit.o
                0x0000000000107f2f                naminit
 .text          0x000000000010813c      0x216 binaries/nammap.o
                0x000000000010813c                nammap
                0x00000000001081cd                namrepl
                0x0000000000108302                namcpy
 .text          0x0000000000108352       0x55 binaries/namopen.o
                0x0000000000108352                namopen
 .text          0x00000000001083a7       0x97 binaries/ethcontrol.o
                0x00000000001083a7                ethcontrol
 .text          0x000000000010843e      0x189 binaries/ethhandler.o
                0x000000000010843e                ethhandler
 .text          0x00000000001085c7      0x76e binaries/ethinit.o
                0x00000000001085c7                eth_phy_read
                0x0000000000108631                eth_phy_write
                0x00000000001086a5                eth_phy_reset
                0x000000000010880d                ethinit
 .text          0x0000000000108d35      0x199 binaries/ethmcast.o
                0x0000000000108d35                ethmcast_add
                0x0000000000108db7                ethmcast_remove
 .text          0x0000000000108ece      0x239 binaries/ethread.o
                0x0000000000108ece                ethread
 .text          0x0000000000109107      0x170 binaries/ethwrite.o
                0x0000000000109107                ethwrite
 .text          0x0000000000109277       0x96 binaries/rdsbufalloc.o
                0x0000000000109277                rdsbufalloc
 .text          0x000000000010930d       0xcc binaries/rdsclose.o
                0x000000000010930d                rdsclose
 .text          0x00000000001093d9        0xa binaries/rdscomm.o
                0x00000000001093d9                rdscomm
 .text          0x00000000001093e3      0x237 binaries/rdscontrol.o
                0x00000000001093e3                rdscontrol
 .text          0x000000000010961a      0x1ea binaries/rdsinit.o
                0x000000000010961a                rdsinit
 .text          0x0000000000109804      0x1af binaries/rdsopen.o
                0x0000000000109804                rdsopen
 .text          0x00000000001099b3      0x46d binaries/rdsprocess.o
                0x00000000001099b3                rdsprocess
 .text          0x0000000000109e20      0x255 binaries/rdsread.o
                0x0000000000109e20                rdsread
 .text          0x000000000010a075      0x1ee binaries/rdswrite.o
                0x000000000010a075                rdswrite
 .text          0x000000000010a263        0xa binaries/ramclose.o
                0x000000000010a263                ramclose
 .text          0x000000000010a26d       0x45 binaries/raminit.o
                0x000000000010a26d                raminit
 .text          0x000000000010a2b2        0xa binaries/ramopen.o
                0x000000000010a2b2                ramopen
 .text          0x000000000010a2bc       0x35 binaries/ramread.o
                0x000000000010a2bc                ramread
 .text          0x000000000010a2f1       0x36 binaries/ramwrite.o
                0x000000000010a2f1                ramwrite
 .text          0x000000000010a327       0x9e binaries/lfdballoc.o
                0x000000000010a327                lfdballoc
 .text          0x000000000010a3c5       0x62 binaries/lfdbfree.o
                0x000000000010a3c5                lfdbfree
 .text          0x000000000010a427       0xbf binaries/lfflush.o
                0x000000000010a427                lfflush
 .text          0x000000000010a4e6       0xd8 binaries/lfgetmode.o
                0x000000000010a4e6                lfgetmode
 .text          0x000000000010a5be       0x6c binaries/lfiballoc.o
                0x000000000010a5be                lfiballoc
 .text          0x000000000010a62a       0x3b binaries/lfibclear.o
                0x000000000010a62a                lfibclear
 .text          0x000000000010a665       0xae binaries/lfibget.o
                0x000000000010a665                lfibget
 .text          0x000000000010a713       0xe0 binaries/lfibput.o
                0x000000000010a713                lfibput
 .text          0x000000000010a7f3       0x93 binaries/lflclose.o
                0x000000000010a7f3                lflclose
 .text          0x000000000010a886       0xb5 binaries/lflcontrol.o
                0x000000000010a886                lflcontrol
 .text          0x000000000010a93b       0xdf binaries/lflgetc.o
                0x000000000010a93b                lflgetc
 .text          0x000000000010aa1a       0xfb binaries/lflinit.o
                0x000000000010aa1a                lflinit
 .text          0x000000000010ab15      0x10f binaries/lflputc.o
                0x000000000010ab15                lflputc
 .text          0x000000000010ac24       0x6d binaries/lflread.o
                0x000000000010ac24                lflread
 .text          0x000000000010ac91       0x9c binaries/lflseek.o
                0x000000000010ac91                lflseek
 .text          0x000000000010ad2d       0x55 binaries/lflwrite.o
                0x000000000010ad2d                lflwrite
 .text          0x000000000010ad82       0x62 binaries/lfscheck.o
                0x000000000010ad82                lfscheck
 .text          0x000000000010ade4      0x176 binaries/lfsckfmt.o
                0x000000000010ade4                lfsckfmt
 .text          0x000000000010af5a      0x1ce binaries/lfscreate.o
                0x000000000010af5a                lfscreate
 .text          0x000000000010b128      0x282 binaries/lfsetup.o
                0x000000000010b128                lfsetup
 .text          0x000000000010b3aa       0x55 binaries/lfsinit.o
                0x000000000010b3aa                lfsinit
 .text          0x000000000010b3ff      0x3a0 binaries/lfsopen.o
                0x000000000010b3ff                lfsopen
 .text          0x000000000010b79f      0x161 binaries/lftruncate.o
                0x000000000010b79f                lftruncate
 .text          0x000000000010b900       0x65 binaries/rflclose.o
                0x000000000010b900                rflclose
 .text          0x000000000010b965       0x38 binaries/rflgetc.o
                0x000000000010b965                rflgetc
 .text          0x000000000010b99d       0x76 binaries/rflinit.o
                0x000000000010b99d                rflinit
 .text          0x000000000010ba13       0x39 binaries/rflputc.o
                0x000000000010ba13                rflputc
 .text          0x000000000010ba4c      0x345 binaries/rflread.o
                0x000000000010ba4c                rflread
 .text          0x000000000010bd91       0x68 binaries/rflseek.o
                0x000000000010bd91                rflseek
 .text          0x000000000010bdf9      0x336 binaries/rflwrite.o
                0x000000000010bdf9                rflwrite
 .text          0x000000000010c12f        0xa binaries/rfscomm.o
                0x000000000010c12f                rfscomm
 .text          0x000000000010c139      0x258 binaries/rfscontrol.o
                0x000000000010c139                rfscontrol
 .text          0x000000000010c391       0xd8 binaries/rfsgetmode.o
                0x000000000010c391                rfsgetmode
 .text          0x000000000010c469       0x7c binaries/rfsinit.o
                0x000000000010c469                rfsinit
 .text          0x000000000010c4e5      0x128 binaries/rfsndmsg.o
                0x000000000010c4e5                rfsndmsg
 .text          0x000000000010c60d      0x28d binaries/rfsopen.o
                0x000000000010c60d                rfsopen
 .text          0x000000000010c89a        0xa binaries/dns.o
                0x000000000010c89a                dnslookup
 .text          0x000000000010c8a4       0xe6 binaries/dot2ip.o
                0x000000000010c8a4                dot2ip
 .text          0x000000000010c98a      0x468 binaries/hexdump.o
                0x000000000010c98a                hexdump
                0x000000000010cb0d                hexadump
 .text          0x000000000010cdf2      0xab1 binaries/net.o
                0x000000000010cdf2                net_init
                0x000000000010d435                netin
                0x000000000010d50e                rawin
                0x000000000010d7ba                eth_hton
                0x000000000010d7e4                eth_ntoh
                0x000000000010d80e                getport
 .text          0x000000000010d8a3      0x287 binaries/pdump.o
                0x000000000010d8a3                pdump
                0x000000000010da1f                pdumph
 .text          0x000000000010db2a       0x6f binaries/udp.o
                0x000000000010db2a                udp_init
                0x000000000010db30                udp_in
                0x000000000010db36                udp_register
                0x000000000010db51                udp_recv
                0x000000000010db5b                udp_recvaddr
                0x000000000010db65                udp_send
                0x000000000010db6f                udp_sendto
                0x000000000010db83                udp_release
                0x000000000010db8d                udp_ntoh
                0x000000000010db93                udp_hton
 .text          0x000000000010db99      0x137 binaries/addargs.o
                0x000000000010db99                addargs
 .text          0x000000000010dcd0      0x2c9 binaries/lexan.o
                0x000000000010dcd0                lexan
 .text          0x000000000010df99      0x6ed binaries/shell.o
                0x000000000010df99                shell
 .text          0x000000000010e686       0x68 binaries/xsh_argecho.o
                0x000000000010e686                xsh_argecho
 .text          0x000000000010e6ee        0xa binaries/xsh_arp.o
                0x000000000010e6ee                xsh_arp
 .text          0x000000000010e6f8      0x251 binaries/xsh_cat.o
                0x000000000010e6f8                xsh_cat
 .text          0x000000000010e949       0x5b binaries/xsh_clear.o
                0x000000000010e949                xsh_clear
 .text          0x000000000010e9a4      0x2ea binaries/xsh_date.o
                0x000000000010e9a4                xsh_date
 .text          0x000000000010ec8e       0xad binaries/xsh_devdump.o
                0x000000000010ec8e                xsh_devdump
 .text          0x000000000010ed3b       0x6c binaries/xsh_echo.o
                0x000000000010ed3b                xsh_echo
 .text          0x000000000010eda7        0xa binaries/xsh_exit.o
                0x000000000010eda7                xsh_exit
 .text          0x000000000010edb1      0x36c binaries/xsh_help.o
                0x000000000010edb1                xsh_help
 .text          0x000000000010f11d      0x23c binaries/xsh_kill.o
                0x000000000010f11d                xsh_kill
 .text          0x000000000010f359      0x516 binaries/xsh_memdump.o
                0x000000000010f359                xsh_memdump
 .text          0x000000000010f86f      0x29b binaries/xsh_memstat.o
                0x000000000010f86f                xsh_memstat
 .text          0x000000000010fb0a      0x186 binaries/xsh_netinfo.o
                0x000000000010fb0a                xsh_netinfo
 .text          0x000000000010fc90      0x1f0 binaries/xsh_pdump.o
                0x000000000010fc90                xsh_pdump
 .text          0x000000000010fe80        0xa binaries/xsh_ping.o
                0x000000000010fe80                xsh_ping
 .text          0x000000000010fe8a      0x260 binaries/xsh_ps.o
                0x000000000010fe8a                xsh_ps
 .text          0x00000000001100ea      0x219 binaries/xsh_sleep.o
                0x00000000001100ea                xsh_sleep
 .text          0x0000000000110303      0x3d3 binaries/xsh_sp.o
                0x0000000000110303                xsh_sp
 .text          0x00000000001106d6        0xa binaries/xsh_udpdump.o
                0x00000000001106d6                xsh_udpdump
 .text          0x00000000001106e0        0xa binaries/xsh_udpecho.o
                0x00000000001106e0                xsh_udpecho
 .text          0x00000000001106ea        0xa binaries/xsh_udpserver.o
                0x00000000001106ea                xsh_udpeserver
 .text          0x00000000001106f4      0x1e1 binaries/xsh_uptime.o
                0x00000000001106f4                xsh_uptime
 .text          0x00000000001108d5        0xe binaries/clkdisp.o
                0x00000000001108d5                clkdisp
 .text          0x00000000001108e3       0x19 binaries/ctxsw.o
                0x00000000001108e3                ctxsw
 .text          0x00000000001108fc      0x328 binaries/intr.o
                0x00000000001108fc                disable
                0x0000000000110905                restore
                0x0000000000110913                enable
                0x0000000000110915                pause
                0x000000000011091c                halt
                0x0000000000110922                spurious_irq7
                0x0000000000110927                spurious_irq15
                0x0000000000110936                _Xint0
                0x000000000011093e                _Xint1
                0x0000000000110946                _Xint2
                0x000000000011094e                _Xint3
                0x0000000000110956                _Xint4
                0x000000000011095e                _Xint5
                0x0000000000110969                _Xint6
                0x0000000000110971                _Xint7
                0x0000000000110979                _Xint8
                0x0000000000110981                _Xint9
                0x0000000000110989                _Xint10
                0x0000000000110991                _Xint11
                0x0000000000110999                _Xint12
                0x00000000001109a1                _Xint13
                0x00000000001109a9                _Xint14
                0x00000000001109b4                _Xint15
                0x00000000001109bf                _Xint16
                0x00000000001109ca                _Xint17
                0x00000000001109d5                _Xint18
                0x00000000001109e0                _Xint19
                0x00000000001109eb                _Xint20
                0x00000000001109f6                _Xint21
                0x0000000000110a01                _Xint22
                0x0000000000110a0c                _Xint23
                0x0000000000110a17                _Xint24
                0x0000000000110a22                _Xint25
                0x0000000000110a2d                _Xint26
                0x0000000000110a38                _Xint27
                0x0000000000110a43                _Xint28
                0x0000000000110a4e                _Xint29
                0x0000000000110a59                _Xint30
                0x0000000000110a64                _Xint31
                0x0000000000110a6f                _extint
                0x0000000000110a83                _Xint32
                0x0000000000110a92                _Xint33
                0x0000000000110aa1                _Xint34
                0x0000000000110ab0                _Xint35
                0x0000000000110abf                _Xint36
                0x0000000000110ace                _Xint37
                0x0000000000110add                _Xint38
                0x0000000000110aec                _Xint39
                0x0000000000110afb                _Xint40
                0x0000000000110b0a                _Xint41
                0x0000000000110b19                _Xint42
                0x0000000000110b28                _Xint43
                0x0000000000110b37                _Xint44
                0x0000000000110b46                _Xint45
                0x0000000000110b55                _Xint46
                0x0000000000110b64                defevec
 .text          0x0000000000110c24        0xf binaries/ttydispatch.o
                0x0000000000110c24                ttydispatch
 .text          0x0000000000110c33       0x13 binaries/ethdispatch.o
                0x0000000000110c33                ethdispatch
 *(.rodata .rodata.*)
 *fill*         0x0000000000110c46        0x2 
 .rodata        0x0000000000110c48       0x8e binaries/ascdate.o
 .rodata        0x0000000000110cd6       0xae binaries/conf.o
 .rodata        0x0000000000110d84       0x7f binaries/early_imr.o
 *fill*         0x0000000000110e03        0x1 
 .rodata        0x0000000000110e04      0x231 binaries/evec.o
 *fill*         0x0000000000111035        0x3 
 .rodata        0x0000000000111038      0x13e binaries/initialize.o
 *fill*         0x0000000000111176        0x2 
 .rodata        0x0000000000111178       0x20 binaries/kill.o
 .rodata        0x0000000000111198       0x2a binaries/main.o
 *fill*         0x00000000001111c2        0x2 
 .rodata        0x00000000001111c4       0x3e binaries/meminit.o
 .rodata        0x0000000000111202        0xf binaries/panic.o
 *fill*         0x0000000000111211        0x3 
 .rodata        0x0000000000111214       0x20 binaries/pci.o
 .rodata        0x0000000000111234       0x1d binaries/ptinit.o
 *fill*         0x0000000000111251        0x3 
 .rodata        0x0000000000111254       0x25 binaries/ptsend.o
 .rodata        0x0000000000111279       0x22 binaries/quark_pdat.o
 *fill*         0x000000000011129b        0x1 
 .rodata        0x000000000011129c       0xb7 binaries/stacktrace.o
 *fill*         0x0000000000111353        0x1 
 .rodata        0x0000000000111354       0x27 binaries/xdone.o
 *fill*         0x000000000011137b        0x5 
 .rodata        0x0000000000111380       0x81 binaries/ctype_.o
                0x0000000000111380                _ctype_
 *fill*         0x0000000000111401        0x3 
 .rodata        0x0000000000111404       0xee binaries/doprnt.o
 *fill*         0x00000000001114f2        0x2 
 .rodata        0x00000000001114f4       0x98 binaries/doscan.o
 .rodata        0x000000000011158c       0xae binaries/fdoprnt.o
 *fill*         0x000000000011163a        0x2 
 .rodata        0x000000000011163c       0x20 binaries/ttycontrol.o
 .rodata        0x000000000011165c       0x34 binaries/ttyhandler.o
 .rodata        0x0000000000111690       0x80 binaries/naminit.o
 .rodata        0x0000000000111710       0x52 binaries/ethinit.o
 *fill*         0x0000000000111762        0x2 
 .rodata        0x0000000000111764       0x2c binaries/rdsbufalloc.o
 .rodata        0x0000000000111790       0x48 binaries/rdscontrol.o
 .rodata        0x00000000001117d8       0x96 binaries/rdsinit.o
 *fill*         0x000000000011186e        0x2 
 .rodata        0x0000000000111870       0x22 binaries/rdsopen.o
 *fill*         0x0000000000111892        0x2 
 .rodata        0x0000000000111894       0x4d binaries/rdsprocess.o
 .rodata        0x00000000001118e1        0x9 binaries/raminit.o
 *fill*         0x00000000001118ea        0x2 
 .rodata        0x00000000001118ec       0x37 binaries/lfdballoc.o
 .rodata        0x0000000000111923       0x14 binaries/lfiballoc.o
 *fill*         0x0000000000111937        0x1 
 .rodata        0x0000000000111938       0x23 binaries/lflcontrol.o
 *fill*         0x000000000011195b        0x1 
 .rodata        0x000000000011195c      0x11b binaries/lfsckfmt.o
 *fill*         0x0000000000111a77        0x1 
 .rodata        0x0000000000111a78       0x2a binaries/lfsopen.o
 *fill*         0x0000000000111aa2        0x2 
 .rodata        0x0000000000111aa4       0x21 binaries/rflread.o
 *fill*         0x0000000000111ac5        0x3 
 .rodata        0x0000000000111ac8       0x21 binaries/rflwrite.o
 *fill*         0x0000000000111ae9        0x3 
 .rodata        0x0000000000111aec       0x3c binaries/rfscontrol.o
 .rodata        0x0000000000111b28       0x63 binaries/rfsinit.o
 *fill*         0x0000000000111b8b        0x1 
 .rodata        0x0000000000111b8c       0x2a binaries/rfsndmsg.o
 *fill*         0x0000000000111bb6        0x2 
 .rodata        0x0000000000111bb8       0x22 binaries/rfsopen.o
 *fill*         0x0000000000111bda        0x2 
 .rodata        0x0000000000111bdc       0xc9 binaries/hexdump.o
 *fill*         0x0000000000111ca5        0x3 
 .rodata        0x0000000000111ca8      0x16c binaries/net.o
 .rodata        0x0000000000111e14       0x6d binaries/pdump.o
 *fill*         0x0000000000111e81       0x1f 
 .rodata        0x0000000000111ea0      0x3f9 binaries/shell.o
                0x0000000000111f40                cmdtab
 .rodata        0x0000000000112299       0x28 binaries/xsh_argecho.o
 *fill*         0x00000000001122c1        0x3 
 .rodata        0x00000000001122c4       0xc9 binaries/xsh_cat.o
 .rodata        0x000000000011238d       0x19 binaries/xsh_clear.o
 *fill*         0x00000000001123a6        0x2 
 .rodata        0x00000000001123a8      0x1c3 binaries/xsh_date.o
 .rodata        0x000000000011256b       0x5d binaries/xsh_devdump.o
 .rodata        0x00000000001125c8        0x9 binaries/xsh_echo.o
 *fill*         0x00000000001125d1        0x3 
 .rodata        0x00000000001125d4      0x169 binaries/xsh_help.o
 *fill*         0x000000000011273d        0x3 
 .rodata        0x0000000000112740      0x12e binaries/xsh_kill.o
 *fill*         0x000000000011286e        0x2 
 .rodata        0x0000000000112870      0x266 binaries/xsh_memdump.o
 *fill*         0x0000000000112ad6        0x2 
 .rodata        0x0000000000112ad8      0x225 binaries/xsh_memstat.o
 *fill*         0x0000000000112cfd        0x3 
 .rodata        0x0000000000112d00       0x80 binaries/xsh_netinfo.o
 .rodata        0x0000000000112d80       0xd1 binaries/xsh_pdump.o
 *fill*         0x0000000000112e51        0xf 
 .rodata        0x0000000000112e60      0x1e0 binaries/xsh_ps.o
 .rodata        0x0000000000113040       0xeb binaries/xsh_sleep.o
 *fill*         0x000000000011312b        0x1 
 .rodata        0x000000000011312c      0x252 binaries/xsh_sp.o
 *fill*         0x000000000011337e        0x2 
 .rodata        0x0000000000113380      0x105 binaries/xsh_uptime.o
                0x0000000000113485                etext = ABSOLUTE (.)
                0x0000000000114000                . = ALIGN (0x1000)
 *fill*         0x0000000000113485      0xb7b 

.eh_frame       0x0000000000114000     0x27f4
 .eh_frame      0x0000000000114000       0x40 binaries/ascdate.o
 .eh_frame      0x0000000000114040       0x20 binaries/bufinit.o
                                         0x38 (size before relaxing)
 .eh_frame      0x0000000000114060       0x20 binaries/chprio.o
                                         0x38 (size before relaxing)
 .eh_frame      0x0000000000114080       0x20 binaries/clkhandler.o
                                         0x38 (size before relaxing)
 .eh_frame      0x00000000001140a0       0x20 binaries/clkinit.o
                                         0x38 (size before relaxing)
 .eh_frame      0x00000000001140c0       0x20 binaries/close.o
                                         0x38 (size before relaxing)
 .eh_frame      0x00000000001140e0       0x20 binaries/control.o
                                         0x38 (size before relaxing)
 .eh_frame      0x0000000000114100       0x40 binaries/create.o
                                         0x58 (size before relaxing)
 .eh_frame      0x0000000000114140      0x104 binaries/early_imr.o
                                        0x11c (size before relaxing)
 .eh_frame      0x0000000000114244       0xe0 binaries/evec.o
                                         0xf8 (size before relaxing)
 .eh_frame      0x0000000000114324       0x20 binaries/exit.o
                                         0x38 (size before relaxing)
 .eh_frame      0x0000000000114344       0x20 binaries/freebuf.o
                                         0x38 (size before relaxing)
 .eh_frame      0x0000000000114364       0x20 binaries/freemem.o
                                         0x38 (size before relaxing)
 .eh_frame      0x0000000000114384       0x20 binaries/getbuf.o
                                         0x38 (size before relaxing)
 .eh_frame      0x00000000001143a4       0x20 binaries/getc.o
                                         0x38 (size before relaxing)
 .eh_frame      0x00000000001143c4       0x20 binaries/getdev.o
                                         0x38 (size before relaxing)
 .eh_frame      0x00000000001143e4       0x60 binaries/getitem.o
                                         0x78 (size before relaxing)
 .eh_frame      0x0000000000114444       0x20 binaries/getmem.o
                                         0x38 (size before relaxing)
 .eh_frame      0x0000000000114464       0x20 binaries/getpid.o
                                         0x38 (size before relaxing)
 .eh_frame      0x0000000000114484       0x20 binaries/getprio.o
                                         0x38 (size before relaxing)
 .eh_frame      0x00000000001144a4       0x20 binaries/getstk.o
                                         0x38 (size before relaxing)
 .eh_frame      0x00000000001144c4       0x20 binaries/getticks.o
                                         0x38 (size before relaxing)
 .eh_frame      0x00000000001144e4       0x20 binaries/gettime.o
                                         0x38 (size before relaxing)
 .eh_frame      0x0000000000114504       0x20 binaries/getutime.o
                                         0x38 (size before relaxing)
 .eh_frame      0x0000000000114524       0x20 binaries/init.o
                                         0x38 (size before relaxing)
 .eh_frame      0x0000000000114544       0x9c binaries/initialize.o
                                         0xb4 (size before relaxing)
 .eh_frame      0x00000000001145e0       0x20 binaries/insert.o
                                         0x38 (size before relaxing)
 .eh_frame      0x0000000000114600       0x20 binaries/insertd.o
                                         0x38 (size before relaxing)
 .eh_frame      0x0000000000114620       0x20 binaries/ioerr.o
                                         0x38 (size before relaxing)
 .eh_frame      0x0000000000114640       0x20 binaries/ionull.o
                                         0x38 (size before relaxing)
 .eh_frame      0x0000000000114660       0x20 binaries/kill.o
                                         0x38 (size before relaxing)
 .eh_frame      0x0000000000114680       0x60 binaries/kprintf.o
                                         0x78 (size before relaxing)
 .eh_frame      0x00000000001146e0       0x1c binaries/main.o
                                         0x34 (size before relaxing)
 .eh_frame      0x00000000001146fc       0x40 binaries/mark.o
                                         0x58 (size before relaxing)
 .eh_frame      0x000000000011473c       0x48 binaries/meminit.o
                                         0x60 (size before relaxing)
 .eh_frame      0x0000000000114784       0x20 binaries/mkbufpool.o
                                         0x38 (size before relaxing)
 .eh_frame      0x00000000001147a4       0x20 binaries/newqueue.o
                                         0x38 (size before relaxing)
 .eh_frame      0x00000000001147c4       0x20 binaries/open.o
                                         0x38 (size before relaxing)
 .eh_frame      0x00000000001147e4       0x1c binaries/panic.o
                                         0x34 (size before relaxing)
 .eh_frame      0x0000000000114800      0x1e0 binaries/pci.o
                                        0x1f8 (size before relaxing)
 .eh_frame      0x00000000001149e0       0x60 binaries/platinit.o
                                         0x78 (size before relaxing)
 .eh_frame      0x0000000000114a40       0x20 binaries/ptclear.o
                                         0x38 (size before relaxing)
 .eh_frame      0x0000000000114a60       0x20 binaries/ptcount.o
                                         0x38 (size before relaxing)
 .eh_frame      0x0000000000114a80       0x20 binaries/ptcreate.o
                                         0x38 (size before relaxing)
 .eh_frame      0x0000000000114aa0       0x20 binaries/ptdelete.o
                                         0x38 (size before relaxing)
 .eh_frame      0x0000000000114ac0       0x20 binaries/ptinit.o
                                         0x38 (size before relaxing)
 .eh_frame      0x0000000000114ae0       0x20 binaries/ptrecv.o
                                         0x38 (size before relaxing)
 .eh_frame      0x0000000000114b00       0x20 binaries/ptreset.o
                                         0x38 (size before relaxing)
 .eh_frame      0x0000000000114b20       0x20 binaries/ptsend.o
                                         0x38 (size before relaxing)
 .eh_frame      0x0000000000114b40       0x20 binaries/putc.o
                                         0x38 (size before relaxing)
 .eh_frame      0x0000000000114b60       0x20 binaries/quark_irq.o
                                         0x38 (size before relaxing)
 .eh_frame      0x0000000000114b80       0x40 binaries/quark_pdat.o
                                         0x58 (size before relaxing)
 .eh_frame      0x0000000000114bc0       0x40 binaries/queue.o
                                         0x58 (size before relaxing)
 .eh_frame      0x0000000000114c00       0x20 binaries/read.o
                                         0x38 (size before relaxing)
 .eh_frame      0x0000000000114c20       0x24 binaries/ready.o
                                         0x3c (size before relaxing)
 .eh_frame      0x0000000000114c44       0x20 binaries/receive.o
                                         0x38 (size before relaxing)
 .eh_frame      0x0000000000114c64       0x20 binaries/recvclr.o
                                         0x38 (size before relaxing)
 .eh_frame      0x0000000000114c84       0x20 binaries/recvtime.o
                                         0x38 (size before relaxing)
 .eh_frame      0x0000000000114ca4       0x40 binaries/resched.o
                                         0x58 (size before relaxing)
 .eh_frame      0x0000000000114ce4       0x20 binaries/resume.o
                                         0x38 (size before relaxing)
 .eh_frame      0x0000000000114d04       0x20 binaries/seek.o
                                         0x38 (size before relaxing)
 .eh_frame      0x0000000000114d24       0x20 binaries/semcount.o
                                         0x38 (size before relaxing)
 .eh_frame      0x0000000000114d44       0x40 binaries/semcreate.o
                                         0x58 (size before relaxing)
 .eh_frame      0x0000000000114d84       0x20 binaries/semdelete.o
                                         0x38 (size before relaxing)
 .eh_frame      0x0000000000114da4       0x20 binaries/semreset.o
                                         0x38 (size before relaxing)
 .eh_frame      0x0000000000114dc4       0x20 binaries/send.o
                                         0x38 (size before relaxing)
 .eh_frame      0x0000000000114de4       0x20 binaries/signal.o
                                         0x38 (size before relaxing)
 .eh_frame      0x0000000000114e04       0x20 binaries/signaln.o
                                         0x38 (size before relaxing)
 .eh_frame      0x0000000000114e24       0x40 binaries/sleep.o
                                         0x58 (size before relaxing)
 .eh_frame      0x0000000000114e64       0x20 binaries/stacktrace.o
                                         0x38 (size before relaxing)
 .eh_frame      0x0000000000114e84       0x20 binaries/suspend.o
                                         0x38 (size before relaxing)
 .eh_frame      0x0000000000114ea4       0x20 binaries/unsleep.o
                                         0x38 (size before relaxing)
 .eh_frame      0x0000000000114ec4       0x20 binaries/userret.o
                                         0x38 (size before relaxing)
 .eh_frame      0x0000000000114ee4       0x20 binaries/wait.o
                                         0x38 (size before relaxing)
 .eh_frame      0x0000000000114f04       0x20 binaries/wakeup.o
                                         0x38 (size before relaxing)
 .eh_frame      0x0000000000114f24       0x20 binaries/write.o
                                         0x38 (size before relaxing)
 .eh_frame      0x0000000000114f44       0x20 binaries/xdone.o
                                         0x38 (size before relaxing)
 .eh_frame      0x0000000000114f64       0x20 binaries/yield.o
                                         0x38 (size before relaxing)
 .eh_frame      0x0000000000114f84       0x20 binaries/abs.o
                                         0x38 (size before relaxing)
 .eh_frame      0x0000000000114fa4       0x20 binaries/atoi.o
                                         0x38 (size before relaxing)
 .eh_frame      0x0000000000114fc4       0x20 binaries/atol.o
                                         0x38 (size before relaxing)
 .eh_frame      0x0000000000114fe4       0x20 binaries/bzero.o
                                         0x38 (size before relaxing)
 .eh_frame      0x0000000000115004       0xe4 binaries/doprnt.o
                                         0xfc (size before relaxing)
 .eh_frame      0x00000000001150e8       0xb0 binaries/doscan.o
                                         0xc8 (size before relaxing)
 .eh_frame      0x0000000000115198       0xc0 binaries/fdoprnt.o
                                         0xd8 (size before relaxing)
 .eh_frame      0x0000000000115258       0x20 binaries/fgetc.o
                                         0x38 (size before relaxing)
 .eh_frame      0x0000000000115278       0x20 binaries/fgets.o
                                         0x38 (size before relaxing)
 .eh_frame      0x0000000000115298       0x20 binaries/fprintf.o
                                         0x38 (size before relaxing)
 .eh_frame      0x00000000001152b8       0x20 binaries/fputc.o
                                         0x38 (size before relaxing)
 .eh_frame      0x00000000001152d8       0x20 binaries/fputs.o
                                         0x38 (size before relaxing)
 .eh_frame      0x00000000001152f8       0x60 binaries/fscanf.o
                                         0x78 (size before relaxing)
 .eh_frame      0x0000000000115358       0x20 binaries/getchar.o
                                         0x38 (size before relaxing)
 .eh_frame      0x0000000000115378       0x20 binaries/labs.o
                                         0x38 (size before relaxing)
 .eh_frame      0x0000000000115398       0x20 binaries/memcmp.o
                                         0x38 (size before relaxing)
 .eh_frame      0x00000000001153b8       0x24 binaries/memcpy.o
                                         0x3c (size before relaxing)
 .eh_frame      0x00000000001153dc       0x24 binaries/memset.o
                                         0x3c (size before relaxing)
 .eh_frame      0x0000000000115400       0x20 binaries/printf.o
                                         0x38 (size before relaxing)
 .eh_frame      0x0000000000115420       0x20 binaries/putchar.o
                                         0x38 (size before relaxing)
 .eh_frame      0x0000000000115440       0xa8 binaries/qsort.o
                                         0xc0 (size before relaxing)
 .eh_frame      0x00000000001154e8       0x60 binaries/rand.o
                                         0x78 (size before relaxing)
 .eh_frame      0x0000000000115548       0x40 binaries/sprintf.o
                                         0x58 (size before relaxing)
 .eh_frame      0x0000000000115588       0x60 binaries/sscanf.o
                                         0x78 (size before relaxing)
 .eh_frame      0x00000000001155e8       0x20 binaries/strchr.o
                                         0x38 (size before relaxing)
 .eh_frame      0x0000000000115608       0x20 binaries/strcmp.o
                                         0x38 (size before relaxing)
 .eh_frame      0x0000000000115628       0x20 binaries/strcpy.o
                                         0x38 (size before relaxing)
 .eh_frame      0x0000000000115648       0x20 binaries/strlen.o
                                         0x38 (size before relaxing)
 .eh_frame      0x0000000000115668       0x20 binaries/strncat.o
                                         0x38 (size before relaxing)
 .eh_frame      0x0000000000115688       0x20 binaries/strncmp.o
                                         0x38 (size before relaxing)
 .eh_frame      0x00000000001156a8       0x28 binaries/strncpy.o
                                         0x40 (size before relaxing)
 .eh_frame      0x00000000001156d0       0x20 binaries/strnlen.o
                                         0x38 (size before relaxing)
 .eh_frame      0x00000000001156f0       0x20 binaries/strrchr.o
                                         0x38 (size before relaxing)
 .eh_frame      0x0000000000115710       0x20 binaries/strstr.o
                                         0x38 (size before relaxing)
 .eh_frame      0x0000000000115730       0x20 binaries/ttycontrol.o
                                         0x38 (size before relaxing)
 .eh_frame      0x0000000000115750       0x20 binaries/ttygetc.o
                                         0x38 (size before relaxing)
 .eh_frame      0x0000000000115770       0x80 binaries/ttyhandle_in.o
                                         0x98 (size before relaxing)
 .eh_frame      0x00000000001157f0       0x20 binaries/ttyhandle_out.o
                                         0x38 (size before relaxing)
 .eh_frame      0x0000000000115810       0x20 binaries/ttyhandler.o
                                         0x38 (size before relaxing)
 .eh_frame      0x0000000000115830       0x20 binaries/ttyinit.o
                                         0x38 (size before relaxing)
 .eh_frame      0x0000000000115850       0x20 binaries/ttykickout.o
                                         0x38 (size before relaxing)
 .eh_frame      0x0000000000115870       0x20 binaries/ttyputc.o
                                         0x38 (size before relaxing)
 .eh_frame      0x0000000000115890       0x28 binaries/ttyread.o
                                         0x40 (size before relaxing)
 .eh_frame      0x00000000001158b8       0x20 binaries/ttywrite.o
                                         0x38 (size before relaxing)
 .eh_frame      0x00000000001158d8       0x40 binaries/mount.o
                                         0x58 (size before relaxing)
 .eh_frame      0x0000000000115918       0x20 binaries/naminit.o
                                         0x38 (size before relaxing)
 .eh_frame      0x0000000000115938       0x60 binaries/nammap.o
                                         0x78 (size before relaxing)
 .eh_frame      0x0000000000115998       0x20 binaries/namopen.o
                                         0x38 (size before relaxing)
 .eh_frame      0x00000000001159b8       0x20 binaries/ethcontrol.o
                                         0x38 (size before relaxing)
 .eh_frame      0x00000000001159d8       0x20 binaries/ethhandler.o
                                         0x38 (size before relaxing)
 .eh_frame      0x00000000001159f8       0xa0 binaries/ethinit.o
                                         0xb8 (size before relaxing)
 .eh_frame      0x0000000000115a98       0x40 binaries/ethmcast.o
                                         0x58 (size before relaxing)
 .eh_frame      0x0000000000115ad8       0x20 binaries/ethread.o
                                         0x38 (size before relaxing)
 .eh_frame      0x0000000000115af8       0x20 binaries/ethwrite.o
                                         0x38 (size before relaxing)
 .eh_frame      0x0000000000115b18       0x20 binaries/rdsbufalloc.o
                                         0x38 (size before relaxing)
 .eh_frame      0x0000000000115b38       0x20 binaries/rdsclose.o
                                         0x38 (size before relaxing)
 .eh_frame      0x0000000000115b58       0x20 binaries/rdscomm.o
                                         0x38 (size before relaxing)
 .eh_frame      0x0000000000115b78       0x20 binaries/rdscontrol.o
                                         0x38 (size before relaxing)
 .eh_frame      0x0000000000115b98       0x20 binaries/rdsinit.o
                                         0x38 (size before relaxing)
 .eh_frame      0x0000000000115bb8       0x20 binaries/rdsopen.o
                                         0x38 (size before relaxing)
 .eh_frame      0x0000000000115bd8       0x1c binaries/rdsprocess.o
                                         0x34 (size before relaxing)
 .eh_frame      0x0000000000115bf4       0x20 binaries/rdsread.o
                                         0x38 (size before relaxing)
 .eh_frame      0x0000000000115c14       0x20 binaries/rdswrite.o
                                         0x38 (size before relaxing)
 .eh_frame      0x0000000000115c34       0x20 binaries/ramclose.o
                                         0x38 (size before relaxing)
 .eh_frame      0x0000000000115c54       0x20 binaries/raminit.o
                                         0x38 (size before relaxing)
 .eh_frame      0x0000000000115c74       0x20 binaries/ramopen.o
                                         0x38 (size before relaxing)
 .eh_frame      0x0000000000115c94       0x20 binaries/ramread.o
                                         0x38 (size before relaxing)
 .eh_frame      0x0000000000115cb4       0x20 binaries/ramwrite.o
                                         0x38 (size before relaxing)
 .eh_frame      0x0000000000115cd4       0x20 binaries/lfdballoc.o
                                         0x38 (size before relaxing)
 .eh_frame      0x0000000000115cf4       0x20 binaries/lfdbfree.o
                                         0x38 (size before relaxing)
 .eh_frame      0x0000000000115d14       0x20 binaries/lfflush.o
                                         0x38 (size before relaxing)
 .eh_frame      0x0000000000115d34       0x20 binaries/lfgetmode.o
                                         0x38 (size before relaxing)
 .eh_frame      0x0000000000115d54       0x20 binaries/lfiballoc.o
                                         0x38 (size before relaxing)
 .eh_frame      0x0000000000115d74       0x20 binaries/lfibclear.o
                                         0x38 (size before relaxing)
 .eh_frame      0x0000000000115d94       0x20 binaries/lfibget.o
                                         0x38 (size before relaxing)
 .eh_frame      0x0000000000115db4       0x20 binaries/lfibput.o
                                         0x38 (size before relaxing)
 .eh_frame      0x0000000000115dd4       0x20 binaries/lflclose.o
                                         0x38 (size before relaxing)
 .eh_frame      0x0000000000115df4       0x20 binaries/lflcontrol.o
                                         0x38 (size before relaxing)
 .eh_frame      0x0000000000115e14       0x20 binaries/lflgetc.o
                                         0x38 (size before relaxing)
 .eh_frame      0x0000000000115e34       0x20 binaries/lflinit.o
                                         0x38 (size before relaxing)
 .eh_frame      0x0000000000115e54       0x20 binaries/lflputc.o
                                         0x38 (size before relaxing)
 .eh_frame      0x0000000000115e74       0x20 binaries/lflread.o
                                         0x38 (size before relaxing)
 .eh_frame      0x0000000000115e94       0x20 binaries/lflseek.o
                                         0x38 (size before relaxing)
 .eh_frame      0x0000000000115eb4       0x20 binaries/lflwrite.o
                                         0x38 (size before relaxing)
 .eh_frame      0x0000000000115ed4       0x20 binaries/lfscheck.o
                                         0x38 (size before relaxing)
 .eh_frame      0x0000000000115ef4       0x20 binaries/lfsckfmt.o
                                         0x38 (size before relaxing)
 .eh_frame      0x0000000000115f14       0x20 binaries/lfscreate.o
                                         0x38 (size before relaxing)
 .eh_frame      0x0000000000115f34       0x20 binaries/lfsetup.o
                                         0x38 (size before relaxing)
 .eh_frame      0x0000000000115f54       0x20 binaries/lfsinit.o
                                         0x38 (size before relaxing)
 .eh_frame      0x0000000000115f74       0x20 binaries/lfsopen.o
                                         0x38 (size before relaxing)
 .eh_frame      0x0000000000115f94       0x20 binaries/lftruncate.o
                                         0x38 (size before relaxing)
 .eh_frame      0x0000000000115fb4       0x20 binaries/rflclose.o
                                         0x38 (size before relaxing)
 .eh_frame      0x0000000000115fd4       0x20 binaries/rflgetc.o
                                         0x38 (size before relaxing)
 .eh_frame      0x0000000000115ff4       0x20 binaries/rflinit.o
                                         0x38 (size before relaxing)
 .eh_frame      0x0000000000116014       0x20 binaries/rflputc.o
                                         0x38 (size before relaxing)
 .eh_frame      0x0000000000116034       0x20 binaries/rflread.o
                                         0x38 (size before relaxing)
 .eh_frame      0x0000000000116054       0x20 binaries/rflseek.o
                                         0x38 (size before relaxing)
 .eh_frame      0x0000000000116074       0x20 binaries/rflwrite.o
                                         0x38 (size before relaxing)
 .eh_frame      0x0000000000116094       0x20 binaries/rfscomm.o
                                         0x38 (size before relaxing)
 .eh_frame      0x00000000001160b4       0x20 binaries/rfscontrol.o
                                         0x38 (size before relaxing)
 .eh_frame      0x00000000001160d4       0x20 binaries/rfsgetmode.o
                                         0x38 (size before relaxing)
 .eh_frame      0x00000000001160f4       0x20 binaries/rfsinit.o
                                         0x38 (size before relaxing)
 .eh_frame      0x0000000000116114       0x20 binaries/rfsndmsg.o
                                         0x38 (size before relaxing)
 .eh_frame      0x0000000000116134       0x20 binaries/rfsopen.o
                                         0x38 (size before relaxing)
 .eh_frame      0x0000000000116154       0x20 binaries/dns.o
                                         0x38 (size before relaxing)
 .eh_frame      0x0000000000116174       0x20 binaries/dot2ip.o
                                         0x38 (size before relaxing)
 .eh_frame      0x0000000000116194       0x40 binaries/hexdump.o
                                         0x58 (size before relaxing)
 .eh_frame      0x00000000001161d4       0xc0 binaries/net.o
                                         0xd8 (size before relaxing)
 .eh_frame      0x0000000000116294       0x5c binaries/pdump.o
                                         0x74 (size before relaxing)
 .eh_frame      0x00000000001162f0      0x140 binaries/udp.o
                                        0x158 (size before relaxing)
 .eh_frame      0x0000000000116430       0x20 binaries/addargs.o
                                         0x38 (size before relaxing)
 .eh_frame      0x0000000000116450       0x20 binaries/lexan.o
                                         0x38 (size before relaxing)
 .eh_frame      0x0000000000116470       0x20 binaries/shell.o
                                         0x38 (size before relaxing)
 .eh_frame      0x0000000000116490       0x20 binaries/xsh_argecho.o
                                         0x38 (size before relaxing)
 .eh_frame      0x00000000001164b0       0x20 binaries/xsh_arp.o
                                         0x38 (size before relaxing)
 .eh_frame      0x00000000001164d0       0x20 binaries/xsh_cat.o
                                         0x38 (size before relaxing)
 .eh_frame      0x00000000001164f0       0x20 binaries/xsh_clear.o
                                         0x38 (size before relaxing)
 .eh_frame      0x0000000000116510       0x20 binaries/xsh_date.o
                                         0x38 (size before relaxing)
 .eh_frame      0x0000000000116530       0x20 binaries/xsh_devdump.o
                                         0x38 (size before relaxing)
 .eh_frame      0x0000000000116550       0x20 binaries/xsh_echo.o
                                         0x38 (size before relaxing)
 .eh_frame      0x0000000000116570       0x20 binaries/xsh_exit.o
                                         0x38 (size before relaxing)
 .eh_frame      0x0000000000116590       0x2c binaries/xsh_help.o
                                         0x44 (size before relaxing)
 .eh_frame      0x00000000001165bc       0x20 binaries/xsh_kill.o
                                         0x38 (size before relaxing)
 .eh_frame      0x00000000001165dc       0x40 binaries/xsh_memdump.o
                                         0x58 (size before relaxing)
 .eh_frame      0x000000000011661c       0x60 binaries/xsh_memstat.o
                                         0x78 (size before relaxing)
 .eh_frame      0x000000000011667c       0x30 binaries/xsh_netinfo.o
                                         0x48 (size before relaxing)
 .eh_frame      0x00000000001166ac       0x28 binaries/xsh_pdump.o
                                         0x40 (size before relaxing)
 .eh_frame      0x00000000001166d4       0x20 binaries/xsh_ping.o
                                         0x38 (size before relaxing)
 .eh_frame      0x00000000001166f4       0x30 binaries/xsh_ps.o
                                         0x48 (size before relaxing)
 .eh_frame      0x0000000000116724       0x20 binaries/xsh_sleep.o
                                         0x38 (size before relaxing)
 .eh_frame      0x0000000000116744       0x30 binaries/xsh_sp.o
                                         0x48 (size before relaxing)
 .eh_frame      0x0000000000116774       0x20 binaries/xsh_udpdump.o
                                         0x38 (size before relaxing)
 .eh_frame      0x0000000000116794       0x20 binaries/xsh_udpecho.o
                                         0x38 (size before relaxing)
 .eh_frame      0x00000000001167b4       0x20 binaries/xsh_udpserver.o
                                         0x38 (size before relaxing)
 .eh_frame      0x00000000001167d4       0x20 binaries/xsh_uptime.o
                                         0x38 (size before relaxing)

.iplt           0x0000000000116800        0x0
 .iplt          0x0000000000000000        0x0 binaries/start.o

.rel.dyn        0x00000000001167f4        0x0
 .rel.iplt      0x0000000000000000        0x0 binaries/start.o
 .rel.text      0x0000000000000000        0x0 binaries/start.o
 .rel.data      0x0000000000000000        0x0 binaries/start.o
 .rel.rodata    0x0000000000000000        0x0 binaries/start.o

.data           0x0000000000116800     0x2800
                0x0000000000116800                data = ABSOLUTE (.)
 *(.data .data.*)
 .data          0x0000000000116800      0x83a binaries/start.o
                0x0000000000116800                gdt
                0x0000000000116830                idt
                0x0000000000117036                cpudelay
 *fill*         0x000000000011703a        0x6 
 .data          0x0000000000117040       0x88 binaries/ascdate.o
                0x0000000000117040                Date
 .data          0x00000000001170c8        0x0 binaries/bufinit.o
 .data          0x00000000001170c8        0x0 binaries/chprio.o
 .data          0x00000000001170c8        0x4 binaries/clkhandler.o
 .data          0x00000000001170cc        0x4 binaries/clkinit.o
                0x00000000001170cc                hpet
 .data          0x00000000001170d0        0x0 binaries/close.o
 *fill*         0x00000000001170d0       0x10 
 .data          0x00000000001170e0      0x5a0 binaries/conf.o
                0x00000000001170e0                devtab
 .data          0x0000000000117680        0x0 binaries/control.o
 .data          0x0000000000117680        0x4 binaries/create.o
 .data          0x0000000000117684        0x0 binaries/early_imr.o
 *fill*         0x0000000000117684       0x1c 
 .data          0x00000000001176a0       0x60 binaries/evec.o
                0x00000000001176a0                lapic
                0x00000000001176c0                inames
 .data          0x0000000000117700        0x0 binaries/exit.o
 .data          0x0000000000117700        0x0 binaries/freebuf.o
 .data          0x0000000000117700        0x0 binaries/freemem.o
 .data          0x0000000000117700        0x0 binaries/getbuf.o
 .data          0x0000000000117700        0x0 binaries/getc.o
 .data          0x0000000000117700        0x0 binaries/getdev.o
 .data          0x0000000000117700        0x0 binaries/getitem.o
 .data          0x0000000000117700        0x0 binaries/getmem.o
 .data          0x0000000000117700        0x0 binaries/getpid.o
 .data          0x0000000000117700        0x0 binaries/getprio.o
 .data          0x0000000000117700        0x0 binaries/getstk.o
 .data          0x0000000000117700        0x0 binaries/getticks.o
 .data          0x0000000000117700        0x0 binaries/gettime.o
 .data          0x0000000000117700        0x0 binaries/getutime.o
 .data          0x0000000000117700        0x0 binaries/init.o
 .data          0x0000000000117700        0x0 binaries/initialize.o
 .data          0x0000000000117700        0x0 binaries/insert.o
 .data          0x0000000000117700        0x0 binaries/insertd.o
 .data          0x0000000000117700        0x0 binaries/ioerr.o
 .data          0x0000000000117700        0x0 binaries/ionull.o
 .data          0x0000000000117700        0x0 binaries/kill.o
 .data          0x0000000000117700        0x0 binaries/kprintf.o
 .data          0x0000000000117700        0x0 binaries/main.o
 .data          0x0000000000117700        0x0 binaries/mark.o
 .data          0x0000000000117700       0x40 binaries/meminit.o
                0x0000000000117700                bootsign
                0x0000000000117704                bootinfo
                0x0000000000117720                gdt_copy
 .data          0x0000000000117740        0x0 binaries/mkbufpool.o
 .data          0x0000000000117740        0x2 binaries/newqueue.o
 .data          0x0000000000117742        0x0 binaries/open.o
 .data          0x0000000000117742        0x0 binaries/panic.o
 .data          0x0000000000117742        0x0 binaries/pci.o
 .data          0x0000000000117742        0x0 binaries/platinit.o
 .data          0x0000000000117742        0x0 binaries/ptclear.o
 .data          0x0000000000117742        0x0 binaries/ptcount.o
 .data          0x0000000000117742        0x0 binaries/ptcreate.o
 .data          0x0000000000117742        0x0 binaries/ptdelete.o
 .data          0x0000000000117742        0x0 binaries/ptinit.o
 .data          0x0000000000117742        0x0 binaries/ptrecv.o
 .data          0x0000000000117742        0x0 binaries/ptreset.o
 .data          0x0000000000117742        0x0 binaries/ptsend.o
 .data          0x0000000000117742        0x0 binaries/putc.o
 .data          0x0000000000117742        0x0 binaries/quark_irq.o
 .data          0x0000000000117742        0x0 binaries/quark_pdat.o
 .data          0x0000000000117742        0x0 binaries/queue.o
 .data          0x0000000000117742        0x0 binaries/read.o
 .data          0x0000000000117742        0x0 binaries/ready.o
 .data          0x0000000000117742        0x0 binaries/receive.o
 .data          0x0000000000117742        0x0 binaries/recvclr.o
 .data          0x0000000000117742        0x0 binaries/recvtime.o
 .data          0x0000000000117742        0x0 binaries/resched.o
 .data          0x0000000000117742        0x0 binaries/resume.o
 .data          0x0000000000117742        0x0 binaries/seek.o
 .data          0x0000000000117742        0x0 binaries/semcount.o
 .data          0x0000000000117742        0x0 binaries/semcreate.o
 .data          0x0000000000117742        0x0 binaries/semdelete.o
 .data          0x0000000000117742        0x0 binaries/semreset.o
 .data          0x0000000000117742        0x0 binaries/send.o
 .data          0x0000000000117742        0x0 binaries/signal.o
 .data          0x0000000000117742        0x0 binaries/signaln.o
 .data          0x0000000000117742        0x0 binaries/sleep.o
 .data          0x0000000000117742        0x0 binaries/stacktrace.o
 .data          0x0000000000117742        0x0 binaries/suspend.o
 .data          0x0000000000117742        0x0 binaries/unsleep.o
 .data          0x0000000000117742        0x0 binaries/userret.o
 .data          0x0000000000117742        0x0 binaries/wait.o
 .data          0x0000000000117742        0x0 binaries/wakeup.o
 .data          0x0000000000117742        0x0 binaries/write.o
 .data          0x0000000000117742        0x0 binaries/xdone.o
 .data          0x0000000000117742        0x0 binaries/yield.o
 .data          0x0000000000117742        0x0 binaries/abs.o
 .data          0x0000000000117742        0x0 binaries/atoi.o
 .data          0x0000000000117742        0x0 binaries/atol.o
 .data          0x0000000000117742        0x0 binaries/bzero.o
 .data          0x0000000000117742        0x0 binaries/ctype_.o
 .data          0x0000000000117742        0x0 binaries/doprnt.o
 *fill*         0x0000000000117742       0x1e 
 .data          0x0000000000117760       0x80 binaries/doscan.o
                0x0000000000117760                _sctab
 .data          0x00000000001177e0        0x0 binaries/fdoprnt.o
 .data          0x00000000001177e0        0x0 binaries/fgetc.o
 .data          0x00000000001177e0        0x0 binaries/fgets.o
 .data          0x00000000001177e0        0x0 binaries/fprintf.o
 .data          0x00000000001177e0        0x0 binaries/fputc.o
 .data          0x00000000001177e0        0x0 binaries/fputs.o
 .data          0x00000000001177e0        0x0 binaries/fscanf.o
 .data          0x00000000001177e0        0x0 binaries/getchar.o
 .data          0x00000000001177e0        0x0 binaries/labs.o
 .data          0x00000000001177e0        0x0 binaries/memchr.o
 .data          0x00000000001177e0        0x0 binaries/memcmp.o
 .data          0x00000000001177e0        0x0 binaries/memcpy.o
 .data          0x00000000001177e0        0x0 binaries/memset.o
[...]
 .comment       0x0000000000000000       0x2c binaries/rfsndmsg.o
 .comment       0x0000000000000000       0x2c binaries/rfsopen.o
 .comment       0x0000000000000000       0x2c binaries/dns.o
 .comment       0x0000000000000000       0x2c binaries/dot2ip.o
 .comment       0x0000000000000000       0x2c binaries/hexdump.o
 .comment       0x0000000000000000       0x2c binaries/net.o
 .comment       0x0000000000000000       0x2c binaries/pdump.o
 .comment       0x0000000000000000       0x2c binaries/udp.o
 .comment       0x0000000000000000       0x2c binaries/addargs.o
 .comment       0x0000000000000000       0x2c binaries/lexan.o
 .comment       0x0000000000000000       0x2c binaries/shell.o
 .comment       0x0000000000000000       0x2c binaries/xsh_argecho.o
 .comment       0x0000000000000000       0x2c binaries/xsh_arp.o
 .comment       0x0000000000000000       0x2c binaries/xsh_cat.o
 .comment       0x0000000000000000       0x2c binaries/xsh_clear.o
 .comment       0x0000000000000000       0x2c binaries/xsh_date.o
 .comment       0x0000000000000000       0x2c binaries/xsh_devdump.o
 .comment       0x0000000000000000       0x2c binaries/xsh_echo.o
 .comment       0x0000000000000000       0x2c binaries/xsh_exit.o
 .comment       0x0000000000000000       0x2c binaries/xsh_help.o
 .comment       0x0000000000000000       0x2c binaries/xsh_kill.o
 .comment       0x0000000000000000       0x2c binaries/xsh_memdump.o
 .comment       0x0000000000000000       0x2c binaries/xsh_memstat.o
 .comment       0x0000000000000000       0x2c binaries/xsh_netinfo.o
 .comment       0x0000000000000000       0x2c binaries/xsh_pdump.o
 .comment       0x0000000000000000       0x2c binaries/xsh_ping.o
 .comment       0x0000000000000000       0x2c binaries/xsh_ps.o
 .comment       0x0000000000000000       0x2c binaries/xsh_sleep.o
 .comment       0x0000000000000000       0x2c binaries/xsh_sp.o
 .comment       0x0000000000000000       0x2c binaries/xsh_udpdump.o
 .comment       0x0000000000000000       0x2c binaries/xsh_udpecho.o
 .comment       0x0000000000000000       0x2c binaries/xsh_udpserver.o
 .comment       0x0000000000000000       0x2c binaries/xsh_uptime.o

.note.GNU-stack
                0x0000000000000000        0x0
 .note.GNU-stack
                0x0000000000000000        0x0 binaries/ascdate.o
 .note.GNU-stack
                0x0000000000000000        0x0 binaries/bufinit.o
 .note.GNU-stack
                0x0000000000000000        0x0 binaries/chprio.o
 .note.GNU-stack
                0x0000000000000000        0x0 binaries/clkhandler.o
 .note.GNU-stack
                0x0000000000000000        0x0 binaries/clkinit.o
 .note.GNU-stack
                0x0000000000000000        0x0 binaries/close.o
 .note.GNU-stack
                0x0000000000000000        0x0 binaries/conf.o
 .note.GNU-stack
                0x0000000000000000        0x0 binaries/control.o
 .note.GNU-stack
                0x0000000000000000        0x0 binaries/create.o
 .note.GNU-stack
                0x0000000000000000        0x0 binaries/early_imr.o
 .note.GNU-stack
                0x0000000000000000        0x0 binaries/evec.o
 .note.GNU-stack
                0x0000000000000000        0x0 binaries/exit.o
 .note.GNU-stack
                0x0000000000000000        0x0 binaries/freebuf.o
 .note.GNU-stack
                0x0000000000000000        0x0 binaries/freemem.o
 .note.GNU-stack
                0x0000000000000000        0x0 binaries/getbuf.o
 .note.GNU-stack
                0x0000000000000000        0x0 binaries/getc.o
 .note.GNU-stack
                0x0000000000000000        0x0 binaries/getdev.o
 .note.GNU-stack
                0x0000000000000000        0x0 binaries/getitem.o
 .note.GNU-stack
                0x0000000000000000        0x0 binaries/getmem.o
 .note.GNU-stack
                0x0000000000000000        0x0 binaries/getpid.o
 .note.GNU-stack
                0x0000000000000000        0x0 binaries/getprio.o
 .note.GNU-stack
                0x0000000000000000        0x0 binaries/getstk.o
 .note.GNU-stack
                0x0000000000000000        0x0 binaries/getticks.o
 .note.GNU-stack
                0x0000000000000000        0x0 binaries/gettime.o
 .note.GNU-stack
                0x0000000000000000        0x0 binaries/getutime.o
 .note.GNU-stack
                0x0000000000000000        0x0 binaries/init.o
 .note.GNU-stack
                0x0000000000000000        0x0 binaries/initialize.o
 .note.GNU-stack
                0x0000000000000000        0x0 binaries/insert.o
 .note.GNU-stack
                0x0000000000000000        0x0 binaries/insertd.o
 .note.GNU-stack
                0x0000000000000000        0x0 binaries/ioerr.o
 .note.GNU-stack
                0x0000000000000000        0x0 binaries/ionull.o
 .note.GNU-stack
                0x0000000000000000        0x0 binaries/kill.o
 .note.GNU-stack
                0x0000000000000000        0x0 binaries/kprintf.o
 .note.GNU-stack
                0x0000000000000000        0x0 binaries/main.o
 .note.GNU-stack
                0x0000000000000000        0x0 binaries/mark.o
 .note.GNU-stack
                0x0000000000000000        0x0 binaries/meminit.o
 .note.GNU-stack
                0x0000000000000000        0x0 binaries/mkbufpool.o
 .note.GNU-stack
                0x0000000000000000        0x0 binaries/newqueue.o
 .note.GNU-stack
                0x0000000000000000        0x0 binaries/open.o
 .note.GNU-stack
                0x0000000000000000        0x0 binaries/panic.o
 .note.GNU-stack
                0x0000000000000000        0x0 binaries/pci.o
 .note.GNU-stack
                0x0000000000000000        0x0 binaries/platinit.o
 .note.GNU-stack
                0x0000000000000000        0x0 binaries/ptclear.o
 .note.GNU-stack
                0x0000000000000000        0x0 binaries/ptcount.o
 .note.GNU-stack
                0x0000000000000000        0x0 binaries/ptcreate.o
 .note.GNU-stack
                0x0000000000000000        0x0 binaries/ptdelete.o
 .note.GNU-stack
                0x0000000000000000        0x0 binaries/ptinit.o
 .note.GNU-stack
                0x0000000000000000        0x0 binaries/ptrecv.o
 .note.GNU-stack
                0x0000000000000000        0x0 binaries/ptreset.o
 .note.GNU-stack
                0x0000000000000000        0x0 binaries/ptsend.o
 .note.GNU-stack
                0x0000000000000000        0x0 binaries/putc.o
 .note.GNU-stack
                0x0000000000000000        0x0 binaries/quark_irq.o
 .note.GNU-stack
                0x0000000000000000        0x0 binaries/quark_pdat.o
 .note.GNU-stack
                0x0000000000000000        0x0 binaries/queue.o
 .note.GNU-stack
                0x0000000000000000        0x0 binaries/read.o
 .note.GNU-stack
                0x0000000000000000        0x0 binaries/ready.o
 .note.GNU-stack
                0x0000000000000000        0x0 binaries/receive.o
 .note.GNU-stack
                0x0000000000000000        0x0 binaries/recvclr.o
 .note.GNU-stack
                0x0000000000000000        0x0 binaries/recvtime.o
 .note.GNU-stack
                0x0000000000000000        0x0 binaries/resched.o
 .note.GNU-stack
                0x0000000000000000        0x0 binaries/resume.o
 .note.GNU-stack
                0x0000000000000000        0x0 binaries/seek.o
 .note.GNU-stack
                0x0000000000000000        0x0 binaries/semcount.o
 .note.GNU-stack
                0x0000000000000000        0x0 binaries/semcreate.o
 .note.GNU-stack
                0x0000000000000000        0x0 binaries/semdelete.o
 .note.GNU-stack
                0x0000000000000000        0x0 binaries/semreset.o
 .note.GNU-stack
                0x0000000000000000        0x0 binaries/send.o
 .note.GNU-stack
                0x0000000000000000        0x0 binaries/signal.o
 .note.GNU-stack
                0x0000000000000000        0x0 binaries/signaln.o
 .note.GNU-stack
                0x0000000000000000        0x0 binaries/sleep.o
 .note.GNU-stack
                0x0000000000000000        0x0 binaries/stacktrace.o
 .note.GNU-stack
                0x0000000000000000        0x0 binaries/suspend.o
 .note.GNU-stack
                0x0000000000000000        0x0 binaries/unsleep.o
 .note.GNU-stack
                0x0000000000000000        0x0 binaries/userret.o
 .note.GNU-stack
                0x0000000000000000        0x0 binaries/wait.o
 .note.GNU-stack
                0x0000000000000000        0x0 binaries/wakeup.o
 .note.GNU-stack
                0x0000000000000000        0x0 binaries/write.o
 .note.GNU-stack
                0x0000000000000000        0x0 binaries/xdone.o
 .note.GNU-stack
                0x0000000000000000        0x0 binaries/yield.o
 .note.GNU-stack
                0x0000000000000000        0x0 binaries/abs.o
 .note.GNU-stack
                0x0000000000000000        0x0 binaries/atoi.o
 .note.GNU-stack
                0x0000000000000000        0x0 binaries/atol.o
 .note.GNU-stack
                0x0000000000000000        0x0 binaries/bzero.o
 .note.GNU-stack
                0x0000000000000000        0x0 binaries/ctype_.o
 .note.GNU-stack
                0x0000000000000000        0x0 binaries/doprnt.o
 .note.GNU-stack
                0x0000000000000000        0x0 binaries/doscan.o
 .note.GNU-stack
                0x0000000000000000        0x0 binaries/fdoprnt.o
 .note.GNU-stack
                0x0000000000000000        0x0 binaries/fgetc.o
 .note.GNU-stack
                0x0000000000000000        0x0 binaries/fgets.o
 .note.GNU-stack
                0x0000000000000000        0x0 binaries/fprintf.o
 .note.GNU-stack
                0x0000000000000000        0x0 binaries/fputc.o
 .note.GNU-stack
                0x0000000000000000        0x0 binaries/fputs.o
 .note.GNU-stack
                0x0000000000000000        0x0 binaries/fscanf.o
 .note.GNU-stack
                0x0000000000000000        0x0 binaries/getchar.o
 .note.GNU-stack
                0x0000000000000000        0x0 binaries/labs.o
 .note.GNU-stack
                0x0000000000000000        0x0 binaries/memchr.o
 .note.GNU-stack
                0x0000000000000000        0x0 binaries/memcmp.o
 .note.GNU-stack
                0x0000000000000000        0x0 binaries/memcpy.o
 .note.GNU-stack
                0x0000000000000000        0x0 binaries/memset.o
 .note.GNU-stack
                0x0000000000000000        0x0 binaries/printf.o
 .note.GNU-stack
                0x0000000000000000        0x0 binaries/putchar.o
 .note.GNU-stack
                0x0000000000000000        0x0 binaries/qsort.o
 .note.GNU-stack
                0x0000000000000000        0x0 binaries/rand.o
 .note.GNU-stack
                0x0000000000000000        0x0 binaries/sprintf.o
 .note.GNU-stack
                0x0000000000000000        0x0 binaries/sscanf.o
 .note.GNU-stack
                0x0000000000000000        0x0 binaries/strchr.o
 .note.GNU-stack
                0x0000000000000000        0x0 binaries/strcmp.o
 .note.GNU-stack
                0x0000000000000000        0x0 binaries/strcpy.o
 .note.GNU-stack
                0x0000000000000000        0x0 binaries/strlen.o
 .note.GNU-stack
                0x0000000000000000        0x0 binaries/strncat.o
 .note.GNU-stack
                0x0000000000000000        0x0 binaries/strncmp.o
 .note.GNU-stack
                0x0000000000000000        0x0 binaries/strncpy.o
 .note.GNU-stack
                0x0000000000000000        0x0 binaries/strnlen.o
 .note.GNU-stack
                0x0000000000000000        0x0 binaries/strrchr.o
 .note.GNU-stack
                0x0000000000000000        0x0 binaries/strstr.o
 .note.GNU-stack
                0x0000000000000000        0x0 binaries/ttycontrol.o
 .note.GNU-stack
                0x0000000000000000        0x0 binaries/ttygetc.o
 .note.GNU-stack
                0x0000000000000000        0x0 binaries/ttyhandle_in.o
 .note.GNU-stack
                0x0000000000000000        0x0 binaries/ttyhandle_out.o
 .note.GNU-stack
                0x0000000000000000        0x0 binaries/ttyhandler.o
 .note.GNU-stack
                0x0000000000000000        0x0 binaries/ttyinit.o
 .note.GNU-stack
                0x0000000000000000        0x0 binaries/ttykickout.o
 .note.GNU-stack
                0x0000000000000000        0x0 binaries/ttyputc.o
 .note.GNU-stack
                0x0000000000000000        0x0 binaries/ttyread.o
 .note.GNU-stack
                0x0000000000000000        0x0 binaries/ttywrite.o
 .note.GNU-stack
                0x0000000000000000        0x0 binaries/mount.o
 .note.GNU-stack
                0x0000000000000000        0x0 binaries/naminit.o
 .note.GNU-stack
                0x0000000000000000        0x0 binaries/nammap.o
 .note.GNU-stack
                0x0000000000000000        0x0 binaries/namopen.o
 .note.GNU-stack
                0x0000000000000000        0x0 binaries/ethcontrol.o
 .note.GNU-stack
                0x0000000000000000        0x0 binaries/ethhandler.o
 .note.GNU-stack
                0x0000000000000000        0x0 binaries/ethinit.o
 .note.GNU-stack
                0x0000000000000000        0x0 binaries/ethmcast.o
 .note.GNU-stack
                0x0000000000000000        0x0 binaries/ethread.o
 .note.GNU-stack
                0x0000000000000000        0x0 binaries/ethwrite.o
 .note.GNU-stack
                0x0000000000000000        0x0 binaries/rdsbufalloc.o
 .note.GNU-stack
                0x0000000000000000        0x0 binaries/rdsclose.o
 .note.GNU-stack
                0x0000000000000000        0x0 binaries/rdscomm.o
 .note.GNU-stack
                0x0000000000000000        0x0 binaries/rdscontrol.o
 .note.GNU-stack
                0x0000000000000000        0x0 binaries/rdsinit.o
 .note.GNU-stack
                0x0000000000000000        0x0 binaries/rdsopen.o
 .note.GNU-stack
                0x0000000000000000        0x0 binaries/rdsprocess.o
 .note.GNU-stack
                0x0000000000000000        0x0 binaries/rdsread.o
 .note.GNU-stack
                0x0000000000000000        0x0 binaries/rdswrite.o
 .note.GNU-stack
                0x0000000000000000        0x0 binaries/ramclose.o
 .note.GNU-stack
                0x0000000000000000        0x0 binaries/raminit.o
 .note.GNU-stack
                0x0000000000000000        0x0 binaries/ramopen.o
 .note.GNU-stack
                0x0000000000000000        0x0 binaries/ramread.o
 .note.GNU-stack
                0x0000000000000000        0x0 binaries/ramwrite.o
 .note.GNU-stack
                0x0000000000000000        0x0 binaries/lfdballoc.o
 .note.GNU-stack
                0x0000000000000000        0x0 binaries/lfdbfree.o
 .note.GNU-stack
                0x0000000000000000        0x0 binaries/lfflush.o
 .note.GNU-stack
                0x0000000000000000        0x0 binaries/lfgetmode.o
 .note.GNU-stack
                0x0000000000000000        0x0 binaries/lfiballoc.o
 .note.GNU-stack
                0x0000000000000000        0x0 binaries/lfibclear.o
 .note.GNU-stack
                0x0000000000000000        0x0 binaries/lfibget.o
 .note.GNU-stack
                0x0000000000000000        0x0 binaries/lfibput.o
 .note.GNU-stack
                0x0000000000000000        0x0 binaries/lflclose.o
 .note.GNU-stack
                0x0000000000000000        0x0 binaries/lflcontrol.o
 .note.GNU-stack
                0x0000000000000000        0x0 binaries/lflgetc.o
 .note.GNU-stack
                0x0000000000000000        0x0 binaries/lflinit.o
 .note.GNU-stack
                0x0000000000000000        0x0 binaries/lflputc.o
 .note.GNU-stack
                0x0000000000000000        0x0 binaries/lflread.o
 .note.GNU-stack
                0x0000000000000000        0x0 binaries/lflseek.o
 .note.GNU-stack
                0x0000000000000000        0x0 binaries/lflwrite.o
 .note.GNU-stack
                0x0000000000000000        0x0 binaries/lfscheck.o
 .note.GNU-stack
                0x0000000000000000        0x0 binaries/lfsckfmt.o
 .note.GNU-stack
                0x0000000000000000        0x0 binaries/lfscreate.o
 .note.GNU-stack
                0x0000000000000000        0x0 binaries/lfsetup.o
 .note.GNU-stack
                0x0000000000000000        0x0 binaries/lfsinit.o
 .note.GNU-stack
                0x0000000000000000        0x0 binaries/lfsopen.o
 .note.GNU-stack
                0x0000000000000000        0x0 binaries/lftruncate.o
 .note.GNU-stack
                0x0000000000000000        0x0 binaries/rflclose.o
 .note.GNU-stack
                0x0000000000000000        0x0 binaries/rflgetc.o
 .note.GNU-stack
                0x0000000000000000        0x0 binaries/rflinit.o
 .note.GNU-stack
                0x0000000000000000        0x0 binaries/rflputc.o
 .note.GNU-stack
                0x0000000000000000        0x0 binaries/rflread.o
 .note.GNU-stack
                0x0000000000000000        0x0 binaries/rflseek.o
 .note.GNU-stack
                0x0000000000000000        0x0 binaries/rflwrite.o
 .note.GNU-stack
                0x0000000000000000        0x0 binaries/rfscomm.o
 .note.GNU-stack
                0x0000000000000000        0x0 binaries/rfscontrol.o
 .note.GNU-stack
                0x0000000000000000        0x0 binaries/rfsgetmode.o
 .note.GNU-stack
                0x0000000000000000        0x0 binaries/rfsinit.o
 .note.GNU-stack
                0x0000000000000000        0x0 binaries/rfsndmsg.o
 .note.GNU-stack
                0x0000000000000000        0x0 binaries/rfsopen.o
 .note.GNU-stack
                0x0000000000000000        0x0 binaries/dns.o
 .note.GNU-stack
                0x0000000000000000        0x0 binaries/dot2ip.o
 .note.GNU-stack
                0x0000000000000000        0x0 binaries/hexdump.o
 .note.GNU-stack
                0x0000000000000000        0x0 binaries/net.o
 .note.GNU-stack
                0x0000000000000000        0x0 binaries/pdump.o
 .note.GNU-stack
                0x0000000000000000        0x0 binaries/udp.o
 .note.GNU-stack
                0x0000000000000000        0x0 binaries/addargs.o
 .note.GNU-stack
                0x0000000000000000        0x0 binaries/lexan.o
 .note.GNU-stack
                0x0000000000000000        0x0 binaries/shell.o
 .note.GNU-stack
                0x0000000000000000        0x0 binaries/xsh_argecho.o
 .note.GNU-stack
                0x0000000000000000        0x0 binaries/xsh_arp.o
 .note.GNU-stack
                0x0000000000000000        0x0 binaries/xsh_cat.o
 .note.GNU-stack
                0x0000000000000000        0x0 binaries/xsh_clear.o
 .note.GNU-stack
                0x0000000000000000        0x0 binaries/xsh_date.o
 .note.GNU-stack
                0x0000000000000000        0x0 binaries/xsh_devdump.o
 .note.GNU-stack
                0x0000000000000000        0x0 binaries/xsh_echo.o
 .note.GNU-stack
                0x0000000000000000        0x0 binaries/xsh_exit.o
 .note.GNU-stack
                0x0000000000000000        0x0 binaries/xsh_help.o
 .note.GNU-stack
                0x0000000000000000        0x0 binaries/xsh_kill.o
 .note.GNU-stack
                0x0000000000000000        0x0 binaries/xsh_memdump.o
 .note.GNU-stack
                0x0000000000000000        0x0 binaries/xsh_memstat.o
 .note.GNU-stack
                0x0000000000000000        0x0 binaries/xsh_netinfo.o
 .note.GNU-stack
                0x0000000000000000        0x0 binaries/xsh_pdump.o
 .note.GNU-stack
                0x0000000000000000        0x0 binaries/xsh_ping.o
 .note.GNU-stack
                0x0000000000000000        0x0 binaries/xsh_ps.o
 .note.GNU-stack
                0x0000000000000000        0x0 binaries/xsh_sleep.o
 .note.GNU-stack
                0x0000000000000000        0x0 binaries/xsh_sp.o
 .note.GNU-stack
                0x0000000000000000        0x0 binaries/xsh_udpdump.o
 .note.GNU-stack
                0x0000000000000000        0x0 binaries/xsh_udpecho.o
 .note.GNU-stack
                0x0000000000000000        0x0 binaries/xsh_udpserver.o
 .note.GNU-stack
                0x0000000000000000        0x0 binaries/xsh_uptime.o
